  ▲ Next.js 14.2.35

   Creating an optimized production build ...
 ✓ Compiled successfully
   Linting and checking validity of types ...
   Collecting page data ...
   Generating static pages (0/6) ...
   Generating static pages (1/6) 
   Generating static pages (2/6) 
   Generating static pages (4/6) 
 ✓ Generating static pages (6/6)
   Finalizing page optimization ...
   Collecting build traces ...

Route (app)                              Size     First Load JS
┌ ○ /                                    4.91 kB        92.2 kB
├ ○ /_not-found                          875 B          88.1 kB
├ ƒ /api/generate                        0 B                0 B
└ ○ /tool                                4.89 kB        92.1 kB
+ First Load JS shared by all            87.2 kB
  ├ chunks/117-34080c75d9ab7801.js       31.7 kB
  ├ chunks/fd9d1056-42a1c2df9c4a85a8.js  53.7 kB
  └ other shared chunks (total)          1.85 kB


○  (Static)   prerendered as static content
ƒ  (Dynamic)  server-rendered on demand

